// Jest Snapshot v1, https://goo.gl/fbAQLP

exports[`findFunctionGeneratorAnnotationsString 1`] = `
Array [
  "   * @typeGenerator({ length: 10, templates: [\\"services<{K% extends keyof T}>({t%: K%}): [{T[K%]}];\\"] })
   */",
  "   * @typeGenerator({ length: 10, templates: [\\"export function toInt({a%i: number}): void;\\"], removeNextLines: /;/})
   */",
]
`;

exports[`findFunctionGeneratorAnnotationsString multiline 1`] = `
Array [
  "   * @typeGenerator({ length: 10, templates:
   * [\\"services<{K% extends keyof T}>({t%: K%}): [{T[K%]}];\\"]
   * } )
   */",
]
`;
